
[1mpinto[0m


[1mdashgrid[0m


[1mtemplate-generator[0m

All projects synced

[1mtemplate-generator[0m
/home/test/test/tmp/golden/exec/filter-on-cwd/template-generator


