[K| syncing [1mpinto[0m [K[32mâœ“[0m synced [1mpinto[0m
[K| syncing [1mdashgrid[0m [K[32mâœ“[0m synced [1mdashgrid[0m
[K| syncing [1mtemplate-generator[0m [K[32mâœ“[0m synced [1mtemplate-generator[0m

[1;34mtemplate-generator[0m
pwd
