
[1mpinto[0m


[1mdashgrid[0m


[1mtemplate-generator[0m

All projects synced

[1mexample[0m
frontend
mani.yaml
template-generator



[1mpinto[0m
empty



[1mdashgrid[0m
empty



[1mtemplate-generator[0m
empty


