
[1mpinto[0m


[1mdashgrid[0m


[1mtemplate-generator[0m

All projects synced
Name:         pwd              
Description:                   
Shell:        sh -c            
Env:          VERSION=v.1.2.3  
              TEST=Hello World 
Command:      pwd              
                             

[1mtemplate-generator[0m
pwd


