
[1mpinto[0m


[1mdashgrid[0m


[1mtemplate-generator[0m

All projects synced
Name:         pwd              
Description:                   
Shell:        sh -c            
Env:          VERSION=v.1.2.3  
              TEST=Hello World 
Command:      pwd              
                             

[1mpinto[0m
/home/test/test/tmp/golden/run/1-project-flag-tags/frontend/pinto


[1mdashgrid[0m
/home/test/test/tmp/golden/run/1-project-flag-tags/frontend/dashgrid


