
[1mpinto[0m


[1mdashgrid[0m


[1mtemplate-generator[0m

All projects synced
Name:         default-projects 
Description:                   
Shell:        sh -c            
Env:          VERSION=v.1.2.3  
              TEST=Hello World 
Command:      pwd              
                             

[1mdashgrid[0m
/home/test/test/tmp/golden/run/filter-default-projects/frontend/dashgrid


