┌────────┬─────────────┐
│ name   │ description │
├────────┼─────────────┤
│ fetch  │ Fetch git   │
│ status │             │
└────────┴─────────────┘
